
> z-loop-v2@0.1.0 demo
> node --experimental-strip-types scripts/demo.ts

(node:30805) ExperimentalWarning: SQLite is an experimental feature and might change at any time
(Use `node --trace-warnings ...` to show where the warning was created)
{
  "status": "succeeded",
  "repairRounds": 1,
  "steps": [
    {
      "kind": "implement",
      "state": "succeeded",
      "attempt_count": 1
    },
    {
      "kind": "verify",
      "state": "rejected",
      "attempt_count": 1
    },
    {
      "kind": "implement",
      "state": "succeeded",
      "attempt_count": 1
    },
    {
      "kind": "verify",
      "state": "succeeded",
      "attempt_count": 1
    },
    {
      "kind": "review",
      "state": "succeeded",
      "attempt_count": 1
    },
    {
      "kind": "publish",
      "state": "succeeded",
      "attempt_count": 1
    },
    {
      "kind": "integrate",
      "state": "succeeded",
      "attempt_count": 1
    },
    {
      "kind": "observe",
      "state": "succeeded",
      "attempt_count": 1
    }
  ],
  "answer": "export const answer = 42;",
  "stateDirectory": "/Users/zafar/dev/z-loop-v2/.loop/demo-1788641408556/state"
}

Inspect this completed demo:
./bin/z-loop serve --home /Users/zafar/dev/z-loop-v2/.loop/demo-1788641408556/state
./bin/z-loop console --home /Users/zafar/dev/z-loop-v2/.loop/demo-1788641408556/state
